border_size=1
usage=map

Gg          , Gll^Fp      , Gg          , Gg          , Gg          , Gg          , Gg^Esd      , Gg          , Gg          , Gg          , Gs          , Gg          , Hh          , Mm          , Mm          , Mm          , Mm          , Mm          , Hh          , Gg          , Gll^Fp      , Gll^Fp      , Gll^Fp      , Gg          , Gg          , Gg          , Gll^Fp      , Gg          , Gll^Fp      , Gll^Fp      , Gll^Fp      , Gg          
Gll^Fp      , Gll^Fp      , Gll^Fp      , Gll^Fp      , Gg          , Gg^Esd      , Gg^Esd      , Gg^Esd      , Gll^Fp      , Gll^Fp      , Gll^Fp      , Gll^Fp      , Hh          , Mm          , Mm          , Mm          , Mm          , Mm          , Hh          , Gll^Fp      , Gll^Fp      , Gll^Fp      , Rb          , Gg^Es       , Gg^Es       , Gg          , Gg^Es       , Gll^Fp      , Gll^Fp      , Gll^Fp      , Gll^Fp      , Gll^Fp      
Gll^Fp      , Gll^Fp      , Gg          , Gg          , Gg          , Gg          , Gg^Es       , Rb          , Rb          , Rb          , Rb          , Gd^Vhr      , Hh          , Md          , Chr         , Chr         , Khr         , Mm          , Hh          , Rb          , Rb          , Rb          , Gg          , Rb          , Rb          , Gg^Es       , Gg^Es       , Gg          , Gll^Fp      , Gll^Fp      , Gll^Fp      , Gll^Fp      
Gll^Fp      , Gll^Fp      , Gg          , Gg          , Gg          , Gg^Es       , Rb          , Rb          , Mm^Xm       , Rb          , Mm^Xm       , Rb          , Rb          , Hh          , Hhd         , Hhd         , Hhd         , Hh          , Rb          , Rb          , Gll^Fp      , Gll^Fp      , Mm^Xm       , Mm^Xm       , Mm^Xm       , Rb          , Rb          , Gg          , Gg^Esd      , Gll^Fp      , Gll^Fp      , Gll^Fp      
Gg          , Gg          , Gg          , Hh          , Hh          , Hh          , Ww^Bsb|     , Mm^Xm       , Mm^Xm       , Mm^Xm       , Mm^Xm       , Mm^Xm       , Mm^Xm       , Hhd         , Khr         , Chr         , Chr         , Hhd         , Gd^Vhr      , Gg^Es       , Mm^Xm       , Mm^Xm       , Mm^Xm       , Mm^Xm       , Mm^Xm       , Mm^Xm       , Rb          , Rb          , Gg          , Gg          , Gg          , Gg          
Ww          , Gg          , Ww          , Hh          , Ww^Ewl      , Ww          , Rb^Bsb|     , Mm^Xm       , Mm^Xm       , Mm^Xm       , Hhd         , Mm^Xm       , Hhd         , Mm^Xm       , Mm^Xm       , Mm^Xm       , Mm^Xm       , Hh          , Mm^Xm       , Mm^Xm       , Mm^Xm       , Mm^Xm       , Hhd         , Ww          , Ww          , Gg^Es       , Gg          , Rb          , Rb          , Gg          , Gg          , Gg          
Gg          , Ww          , Ww          , Ww          , Gg^Gvs      , Gg^Gvs      , Rr          , Rr          , Rr          , Gg^Es       , Gg          , Hhd         , Gg          , Gg          , Mm^Xm       , Mm^Xm       , Mm^Xm       , Mm^Xm       , Gg          , Hhd         , Gg^Es       , Hhd         , Gg^Gvs      , Gg^Gvs      , Gg^Gvs      , Ww^Ewl      , Ww^Bsb/     , Rb^Bsb/     , Gg^Es       , Gg          , Gg          , Gg          
Gg          , Gll^Fp      , Ww          , Ww          , Gs^Fds      , Gg^Gvs      , Gg^Gvs      , Rr          , Rr^Vhc      , Rrc         , Rrc         , Gg^Efm      , Kh          , Gg          , Mm^Xm       , Mm^Xm       , Mm^Xm       , Gg          , Kh          , Gg          , Rrc         , Gg^Efm      , Rr^Vhc      , Gg^Gvs      , Rrc         , Rrc^Bsb/    , Gg^Wm       , Ww          , Ww          , Ww^Ewl      , Ww          , Gll^Fp      
Gg          , Gll^Fp      , Ww          , Ww          , Gs^Fds      , Gg^Gvs      , Gg^Gvs      , Gg^Gvs      , Rr^Vhc      , Rrc         , Rrc         , Ch          , 2 Kh        , Mm^Xm       , Mm^Xm       , Mm^Xm       , Mm^Xm       , Md          , 1 Kh^Kov    , Ch          , Rrc         , Rr^Vhc      , Rr^Vhc      , Rrc         , Gg^Gvs      , Gg^Gvs      , Gs^Fds      , Gs^Fds      , Gs^Fds      , Ww          , Ww          , Ww          
Gg          , Gll^Fp      , Ww          , Gg^Efm      , Gs^Fds      , Gs^Fds      , Gg^Gvs      , Gg^Wm       , Rr^Vhc      , Rrc         , Rrc         , Ch          , Kh          , Mm^Xm       , Mm^Xm       , Mm^Xm       , Mm^Xm       , Md          , Kh          , Ch          , Hh^Fds      , Rrc         , Rrc         , Rrc         , Gg^Gvs      , Gg^Gvs      , Gs^Fds      , Gs^Fds      , Gs^Fds      , Ww          , Ww          , Ww          
Gg          , Gll^Fp      , Ww          , Gs^Fds      , Gs^Fds      , Gs^Gvs      , Rb          , Rrc         , Rr          , Rrc         , Gg^Gvs      , Rrc         , Gg          , Gg          , Mm^Xm       , Mm^Xm       , Mm^Xm       , Hh^Fds      , Hh^Fds      , Hh^Fds      , Hh^Fds      , Hh^Fds      , Hh^Fds      , Rrc         , Rrc         , Gg^Gvs      , Gg^Gvs      , Gs^Fds      , Gs^Fds      , Gs^Fds      , Gs^Fds      , Ww          
Gg          , Gll^Fp      , Ww^Ewl      , Gs^Fds      , Gs^Fds      , Rb          , Rb          , Rb          , Gg^Gvs      , Gg^Gvs      , Hhd         , Gg          , Hhd         , Gg          , Mm^Xm       , Mm^Xm       , Mm^Xm       , Hh^Fds      , Hh^Fds      , Hh^Fds      , Hh^Fds      , Hh^Fds      , Hh^Fds      , Gg^Gvs      , Gg^Gvs      , Rrc         , Rrc         , Gg          , Gs^Fds      , Gs^Fds      , Gs^Fds      , Gg          
Gg          , Ww          , Gg          , Gg          , Gg^Efm      , Rb          , Rb          , Gg^Gvs      , Mm^Xm       , Hhd         , Mm^Xm       , Mm^Xm       , Mm^Xm       , Mm^Xm       , Ms^Xm       , Mm^Xm       , Ms^Xm       , Mm^Xm       , Mm^Xm       , Hh^Fds      , Hh^Fds      , Hh^Fds      , Hh^Fds      , Hh^Fds      , Gg^Gvs      , Gg^Wm       , Gg^Gvs      , Rb          , Rb          , Gg^Efm      , Gg          , Gg          
Ww          , Ww          , Gg          , Gg          , Rb          , Rb          , Mm^Xm       , Mm^Xm       , Mm^Xm       , Mm^Xm       , Mm^Xm       , Mm^Xm       , Hh          , Mm^Xm       , Cud         , Mm^Xm       , Cud         , Mm^Xm       , Hh          , Mm^Xm       , Mm^Xm       , Gg          , Mm^Xm       , Gg^Eff      , Gg^Gvs      , Gg^Gvs      , Gg          , Gg^Efm      , Gg          , Rb          , Gg          , Gg          
Gg          , Hh          , Hh^Vhh      , Hh          , Rb          , Mm^Xm       , Mm^Xm       , Mm^Xm       , Mm^Xm       , Mm^Xm       , Ss          , Ss          , Ss          , Hhd^Vhhr    , Ss^Bsb/     , Kud         , Ss^Bsb\     , Hh          , Gll^Fp      , Gll^Fp      , Gll^Fp      , Mm^Xm       , Mm^Xm       , Mm^Xm       , Mm^Xm       , Mm^Xm       , Mm^Xm       , Gg          , Gll         , Rb          , Rb          , Gg          
Gg          , Hh          , Hh          , Hh          , Rb          , Mm^Xm       , Gs^Es       , Gs^Es       , Gg          , Gg          , Re          , Ss          , Ss^Bsb/     , Ss^Bsb/     , Ss          , Ss          , Ss          , Ss^Bsb\     , Gg^Bsb\     , Gd^Vhr      , Re          , Gll^Fp      , Gll^Fp      , Mm^Xm       , Mm^Xm       , Mm^Xm       , Mm^Xm       , Mm^Xm       , Mm^Xm       , Rb          , Rb          , Gll         
Gg          , Ket         , Ce          , Ce          , Ce          , Rb          , Rb          , Gs^Es       , Re          , Re          , Gg^Bsb/     , Ss^Bsb/     , Ss          , Ss          , Chs         , Ss          , Chs         , Ss          , Rp^Vhcr     , Gg^Bsb\     , Re          , Re          , Rb          , Gll^Fp      , Rb          , Mm^Xm       , Rb          , Mm^Xm       , Gs^Vh       , Rb          , Gll         , Gll         
Gg          , Gg          , Gg          , Ce          , Rb          , Rb          , Gs^Fds      , Rb          , Gll         , Re          , Re          , Ss          , Rp^Vhcr     , Chs         , Chs         , Chs         , Chs         , Chs         , Ww^Edp      , Gg          , Gs^Fds      , Gs^Fds      , Gs^Fds      , Rb          , Gs^Fds      , Rb          , Gs^Fds      , Rb          , Rb          , Rb          , Ket         , Gll         
Gg          , Gg          , Gs^Fds      , Gg          , Gg          , Rb          , Rb          , Gs^Fds      , Gs^Fds      , Gll         , Gs^Fds      , Gg          , Gg^Es       , Khs         , Ms^Xm       , Ms^Xm       , Ms^Xm       , Khs         , Ww^Ewl      , Gs^Fds      , Gs^Fds      , Gs^Fds      , Gs^Fds      , Gg^Fet      , Gs^Fds      , Gs^Fds      , Gs^Fds      , Gs^Fds      , Ce          , Ce          , Ce          , Gg          
Gg          , Gs^Fds      , Gs^Fds      , Gs^Fds      , Gs^Fds      , Gg          , Gs^Fds      , Rb          , Gs^Vh       , Gs^Fds      , Gs^Fds      , Gs^Fds      , Gs^Fds      , Gg^Es       , Ms^Xm       , Ms^Xm       , Ms^Xm       , Ww^Edp      , Ww          , Gg          , Gg          , Gs^Fds      , Gs^Fds      , Gg^Ve       , Gs^Fds      , Gs^Fds      , Gs^Fds      , Gll         , Gll         , Gll         , Gll         , Gg          
Gg          , Gg          , Gg          , Gs^Fds      , Gs^Fds      , Gs^Fds      , Gs^Fds      , Gs^Fds      , Gs^Fds      , Gs^Fds      , Gs^Fds      , Gs^Fds      , Gs^Fds      , Gs^Fds      , Ms^Xm       , Ms^Xm       , Ms^Xm       , Ww          , Ww          , Ww          , Gg          , Gg          , Gg          , Gs^Fds      , Gs^Fds      , Gs^Fds      , Gg          , Gg          , Gg          , Gll         , Ww          , Ww          
Gg          , Ww          , Ww          , Gg          , Ww          , Gg          , Gg          , Gs^Fds      , Gll         , Gs^Fds      , Gs^Fds      , Gs^Fds      , Gs^Fds      , Gs^Fds      , Ms^Xm       , Ms^Xm       , Ms^Xm       , Ww          , Ww          , Ww          , Ww          , Gg          , Gg          , Gg          , Gg          , Gg          , Gg          , Gg          , Gg          , Gg          , Ww          , Ww          
Ww          , Ww          , Ww          , Ww          , Ww          , Ww          , Ww          , Ww          , Ww          , Gg          , Gg          , Gs^Fds      , Gg          , Gg          , Ms^Xm       , Ms^Xm       , Ms^Xm       , Gg          , Gg^Esd      , Ww          , Ww          , Ww          , Ww          , Gg          , Ww          , Gg          , Ww          , Gg          , Ww          , Ww          , Ww          , Ww          
Ww          , Ww          , Ww          , Ww          , Ww          , Ww          , Ww          , Ww          , Ww          , Ww          , Ww          , Ww          , Ww          , Ww          , Ms^Xm       , Ms^Xm       , Ms^Xm       , Gg          , Gg          , Gg^Esd      , Gg          , Ww          , Gg          , Ww          , Ww          , Ww          , Ww          , Ww          , Ww          , Ww          , Ww          , Gg          
