border_size=1
usage=map

Rd          , Rd          , Rd          , Dd          , Rd          , Dd          , Dd          , Dd          , Dd          , Dd          , Dd          , Dd          , Dd          , Dd          , Dd          , Dd          , Dd          , Dd          , Dd          , Dd          , Dd          , Dd          , Dd          , Dd          , Dd          , Dd          , Dd          , Dd          , Dd          , Dd          , Dd          , Gg          
Rd          , Rd          , Dd^Dr       , Rd          , Dd          , Rd          , Dd          , Dd          , Dd          , Dd          , Dd          , Dd          , Dd          , Dd          , Rd          , Wwrg        , Rd          , Dd^Do       , Dd          , Dd          , Dd          , Dd          , Dd          , Dd          , Dd          , Dd          , Gs^Ft       , Dd          , Dd          , Dd          , Dd          , Dd          
Dd          , Rd          , Dd^Edpp     , Dd          , Dd          , Dd          , Gs^Ft       , Gs^Ft       , Gs^Ft       , Dd          , Dd          , Dd          , Dd          , Rd          , Rd          , Cd          , 1 Kd^Kov    , Cd          , Dd^Edpp     , Dd          , Dd          , Dd          , Dd          , Dd          , Gs^Ft       , Gs^Ft       , Dd^Do       , Gs^Ft       , Dd          , Dd          , Dd          , Dd          
Dd          , Dd          , Dd          , Dd          , Dd^Edpp     , Dd          , Gs^Ft       , Dd^Do       , Gs^Ft       , Dd^Edpp     , Dd          , Dd          , Rd          , Rd          , Rd          , Cd          , Dd^Vda      , Cd          , Rd          , Dd^Esd      , Dd^Esd      , Dd          , Dd^Esd      , Dd          , Dd          , Rd          , Rd          , Rd          , Dd          , Dd          , Dd          , Dd          
Dd          , Dd          , Dd          , Dd^Esd      , Dd^Esd      , Dd          , Dd^Esd      , Gs^Ft       , Dd          , Dd          , Rd          , Rd          , Dd          , Dd^Es       , Rd          , Rd          , Rd          , Rd          , Rd          , Dd          , Dd          , Dd^Esd      , Dd^Esd      , Dd^Esd      , Dd          , Dd          , Cdr         , Rd          , Dd          , Dd          , Dd^Edp      , Dd          
Dd          , Dd          , Dd          , Dd^Esd      , Dd          , Dd^Edpp     , Dd          , Dd^Esd      , Rd          , Rd          , Rd          , Dd          , Dd^Edp      , Rd          , Rd          , Rd          , Gs^Ft       , Dd^Dc       , Gs^Ft       , Rd          , Rd          , Dd^Edp      , Rd          , Dd          , Rd          , Cdr         , Cdr         , Cdr         , Dd^Edp      , Dd^Edp      , Wwt         , Wwt         
Dd          , Dd          , Dd          , Dd          , Dd          , Dd          , Rd          , Rd          , Rd          , Rd          , Gs^Ft       , Gs^Ft       , Gs^Ft       , Rd          , Rd          , Rd          , Gs^Ft       , Gs^Ft       , Gs^Ft       , Dd          , Dd          , Rd          , Rd          , Rd          , Rd          , Cdr         , Dd^Vda      , Dd^Edp      , Wwt         , Wwt         , Wwrg        , Dd          
Dd          , Dd          , Dd          , Dd          , Rd          , Rd          , Rd          , Rd          , Dd          , Dd^Esd      , Dd          , Gs^Ft       , Gs^Ft       , Gs^Ft       , Rd          , Rd          , Hd          , Dd^Do       , Gs^Ft       , Dd          , Dd^Es       , Dd          , Dd^Edpp     , Rd          , Kdr         , Rd          , Hd^Bsb\     , Wwt         , Wwrg        , Dd^Edp      , Gs^Ft       , Dd          
Dd          , Dd          , Dd          , Dd          , Rd          , Rd          , Rd          , Rd          , Rd          , Dd^Esd      , Rd          , Dd          , Dd^Do       , Gs^Ft       , Rd          , Rd          , Rd          , Hd          , Hd          , Gs^Ft       , Dd          , Dd          , Dd          , Dd          , Hd^Edp      , Kdr         , Wwt         , Wwt^Bsb\    , Kdr         , Dd^Edp      , Gs^Ft       , Dd          
Dd          , Dd          , Gs^Ft       , Dd          , Rd          , Rd          , Dd^Esd      , Dd^Esd      , Dd^Esd      , Rd          , Dd          , Rd          , Dd^Vdt      , Gs^Ft       , Dd^Edp      , Rd          , Rd          , Rd          , Hd          , Gs^Ft       , Gs^Ft       , Dd          , Dd^Edp      , Hd          , Wwt         , Wwt         , Dd^Edp      , Kdr         , Kdr         , Rd          , Rd          , Dd          
Dd          , Gs^Ft       , Rd          , Rd          , Rd          , Dd          , Rd          , Dd^Edp      , Md          , Md          , Md          , Gs^Ft       , Gs^Ft       , Gs^Ft       , Rd          , Rd          , Rd^Dr       , Rd          , Rd^Es       , Hd          , Gs^Ft       , Gs^Ft       , Wwt^Edp     , Wwt         , Dd^Edp      , Dd^Edp      , Dd^Vdt      , Rd          , Rd          , Rd          , Rd          , Dd          
Dd          , Gs^Ft       , Rd          , Gs^Ft       , Gs^Ft       , Rd          , Gs^Ft       , Rd          , Dd^Vdt      , Md          , Md          , Md          , Md          , Gs^Ft       , Md          , Rd          , Rd^Br|      , Rd          , Md          , Hd          , Hd^Edp      , Wwt         , Dd^Edp      , Dd^Edp      , Dd^Dr       , Dd^Edpp     , Dd          , Dd          , Dd^Esd      , Rd          , Dd^Es       , Dd          
Dd          , Rd          , Rd          , Gs^Ft       , Gs^Ft       , Gs^Ft       , Gs^Ft       , Gs^Ft       , Hd          , Hd          , Md          , Md          , Md          , Md          , Rd^Edp      , Rd^Edp      , Rd^Br|      , Rd^Dr       , Ds          , Md          , Md          , Dd^Edp      , Dd          , Dd          , Dd          , Dd          , Dd^Esd      , Dd^Esd      , Dd^Edp      , Rd          , Rd          , Dd          
Dd          , Rd          , Rd          , Gs^Ft       , Gs^Ft       , Gs^Ft       , Md          , Hd          , Md          , Md          , Md          , Md          , Md          , Md          , Rd          , Rd          , Rd^Br|      , Rd^Bsb|     , Wwg         , Wwg^Edp     , Md          , Hd          , Hd          , Dd          , Md          , Dd^Edp      , Dd          , Dd          , Dd          , Dd^Edp      , Rd          , Dd          
Dd^Do       , Rd          , Rd          , Rd          , Md          , Md          , Md          , Md          , Md          , Md          , Md          , Md          , Md          , Rd          , Rd^Eff      , Rd^Eff      , Dd^Br|      , Wwg^Bsb|    , Wwg         , Rd^Edp      , Rd          , Md          , Md          , Md          , Md          , Hd          , Hd          , Hd          , Hd          , Dd^Edp      , Rd          , Hd          
Rd          , Rd          , Rd          , Rd          , Rd          , Md          , Md          , Md          , Md          , Md          , Md          , Md          , Md          , Rd^Eff      , Rd^Br/      , Dd^Br/      , Dd^Br|      , Wwg^Bsb|    , Dd^Do       , Cd          , Cd          , Rd^Dr       , Md          , Md          , Md          , Md          , Md          , Md          , Md          , Hd          , Rd          , Hd          
Hd          , Rd          , Rd          , Rd          , Rd          , Md          , Md          , Md          , Md          , Md          , Md          , Md          , Md          , Rd^Br\      , Rd^Br\      , Dd^Vda      , Rd^Br|      , Wwg^Bsb|    , Dd^Do       , Cd          , Dd^Vda      , Rd          , Md          , Md          , Hd          , Md          , Md          , Md          , Hd          , Hd          , Rd          , Dd          
Hd          , Dd^Vda      , Rd          , Rd          , Dd          , Md          , Gs^Ft       , Md          , Md          , Md          , Md          , Md          , Md          , Md          , Rd          , Rd^Br\      , Rd^Br|      , Wwg^Bsb|    , Wwg         , Cd          , Cd          , Cd          , Md          , Hd          , Hd          , Hd          , Dd          , Hd          , Hd          , Rd          , Rd          , Dd          
Hd          , Rd          , Rd          , Rd          , Dd^Esd      , Dd          , Gs^Ft       , Gs^Ft       , Gs^Ft       , Md          , Cdr         , Hd          , Hd          , Md          , Rd          , Rd^Dr       , Rd^Br|      , Rd^Bsb|     , Rd^Wm       , Cd          , Cd          , Cd          , Md          , Dd          , Dd          , Dd          , Cdr         , Dd^Edp      , Gs^Ft       , Rd          , Dd          , Dd          
Dd          , Ce          , Ce          , Rd          , Rd          , Rd          , Rd          , Gs^Ft       , Gs^Ft       , Cdr         , Cdr         , Cdr         , Cdr         , Md          , Cdr         , Rd          , Rd^Br|      , Dd^Vda      , Rd          , Rd          , Md          , Md          , Dd          , Dd          , Cdr         , Cdr         , Dd^Do       , Cdr         , Cdr         , Rd          , Gs^Ft       , Dd          
Dd          , Dd^Esd      , Ce          , Ce          , Dd^Edp      , Rd          , Rd          , Gs^Ft       , Gs^Ft       , Gs^Ft       , Cdr         , Cdr         , Gs^Ft       , Gs^Ft       , Hd          , Cdr         , Rd^Br|      , Rd          , Dd^Dc       , Hd          , Dd^Edp      , Md          , Dd          , Dd          , Rd          , Cdr         , Cdr         , Dd^Vda      , Gs^Ft       , Gs^Ft       , Dd          , Dd          
Dd          , Dd^Esd      , Dd^Esd      , Dd          , Dd          , Dd          , Dd          , Rd          , Rd          , Dd^Vdt      , Dd          , Cdr         , Gs^Ft       , Hd          , Hd          , Rd          , Rd^Dr       , Rd          , Dd^Edpp     , Gs^Ft       , Dd          , Dd          , Rd          , Rd          , Gs^Ft       , Gs^Ft       , Gs^Ft       , Gs^Ft       , Gs^Ft       , Gs^Ft       , Gs^Ft       , Dd          
Dd          , Dd          , Dd          , Dd^Esd      , Dd          , Dd          , Dd          , Dd^Edpp     , Dd          , Rd          , Rd          , Rd          , Gs^Ft       , Gs^Ft       , Gs^Ft       , Rd          , Rd          , Rd^Edp      , Dd^Vdt      , Dd          , Rd          , Rd          , Rd^Edpp     , Rd          , Dd          , Dd          , Gs^Ft       , Gs^Ft       , Gs^Ft       , Dd          , Dd          , Dd          
Dd          , Dd          , Dd          , Dd^Edpp     , Hd          , Hd          , Hd          , Dd          , Dd          , Dd          , Rd          , Rd          , Gs^Ft       , Gs^Ft       , Gs^Ft       , Gs^Ft       , Rd          , Rd          , Rd          , Rd^Edpp     , Rd          , Rd          , Dd^Es       , Dd          , Dd          , Gs^Ft       , Gs^Ft       , Gs^Ft       , Gs^Ft       , Gs^Ft       , Dd          , Dd          
Dd          , Dd          , Dd          , Dd          , Dd          , Md          , Md          , Hd          , Dd^Edpp     , Dd          , Dd          , Rd          , Rd          , Gs^Ft       , Dd^Do       , Gs^Ft       , Gs^Ft       , Rd^Edp      , Rd          , Rd          , Dd          , Dd^Esd      , Dd^Es       , Dd          , Dd          , Dd          , Gs^Ft       , Gs^Ft       , Gs^Ft       , Gs^Ft       , Dd          , Dd          
Dd          , Dd          , Dd          , Dd          , Dd^Dc       , Hd          , Dd          , Hd          , Dd^Esd      , Dd          , Dd^Edpp     , Rd          , Rd          , Gs^Ft       , Gs^Ft       , Dd^Vdt      , Gs^Ft       , Gs^Ft       , Rd          , Dd^Edpp     , Dd          , Dd          , Dd          , Dd^Esd      , Dd^Esd      , Dd          , Dd          , Gs^Ft       , Dd          , Dd          , Dd          , Dd          
Dd          , Dd          , Dd          , Dd          , Dd          , Dd          , Dd          , Dd          , Dd          , Dd^Esd      , Dd          , Rd          , Rd          , Rd          , Rd          , Gs^Ft       , Rd          , Gs^Ft       , Rd          , Rd          , Hd          , Dd          , Dd          , Dd          , Dd^Esd      , Dd          , Dd          , Dd          , Dd          , Dd          , Dd          , Dd          
Dd          , Dd          , Dd^Esd      , Dd          , Dd          , Dd          , Dd          , Dd          , Dd          , Dd          , Gs^Ft       , Gs^Ft       , Dd^Esd      , Rd          , Rd          , Rd          , Rd          , Rd          , Rd          , Rd^Edpp     , Hd          , Dd          , Dd          , Dd          , Dd          , Dd^Esd      , Dd^Edp      , Dd          , Dd          , Dd          , Dd          , Gg          
Dd          , Dd          , Dd          , Dd^Edpp     , Dd          , Dd          , Dd^Edpp     , Dd          , Dd^Esd      , Gs^Ft       , Gs^Ft       , Gs^Ft       , Dd          , Dd          , Rd          , Rd          , Cd          , Rd^Edpp     , Rd          , Rd          , Dd          , Dd          , Dd          , Dd          , Dd          , Dd          , Dd          , Dd^Esd      , Dd^Esd      , Dd          , Dd          , Dd          
Dd          , Dd          , Dd          , Dd          , Dd^Esd      , Dd^Esd      , Dd          , Dd^Esd      , Dd^Esd      , Dd^Esd      , Gs^Ft       , Gs^Ft       , Wwt         , Wwrg        , Rd          , Cd          , 2 Kd^Kov    , Cd          , Rd          , Rd          , Dd          , Dd          , Dd^Esd      , Dd          , Dd^Esd      , Dd          , Dd^Esd      , Dd          , Dd^Edp      , Dd          , Dd          , Dd          
Dd          , Dd          , Dd          , Dd          , Dd          , Dd          , Dd^Esd      , Dd          , Dd          , Dd          , Wwt         , Wwt         , Wwt         , Wwt         , Rd          , Cd          , Dd^Do       , Dd^Vda      , Dd          , Dd          , Dd          , Dd          , Dd          , Dd^Esd      , Dd          , Dd^Esd      , Dd^Esd      , Dd^Esd      , Dd          , Dd          , Dd          , Dd          
Gg          , Dd          , Gg          , Dd          , Dd          , Dd          , Dd          , Dd          , Dd          , Dd          , Wwt         , Wwt         , Wwt         , Wwt         , Dd          , Dd          , Dd          , Dd          , Dd          , Dd          , Dd          , Dd          , Dd          , Dd          , Dd          , Dd          , Dd          , Dd          , Dd          , Dd          , Dd          , Dd          
